Flow report for hospital
Tue Feb 13 20:08:29 2024
Quartus Prime Version 23.4.0 Build 79 11/22/2023 SC Pro Edition


---------------------
; Table of Contents ;
---------------------
  1. Legal Notice
  2. Flow Summary
  3. Flow Settings
  4. Flow Non-Default Global Settings
  5. Flow Elapsed Time
  6. Flow OS Summary
  7. Flow Log



----------------
; Legal Notice ;
----------------
Copyright (C) 2023  Intel Corporation. All rights reserved.
Your use of Intel Corporation's design tools, logic functions 
and other software and tools, and any partner logic 
functions, and any output files from any of the foregoing 
(including device programming or simulation files), and any 
associated documentation or information are expressly subject 
to the terms and conditions of the Intel Program License 
Subscription Agreement, the Intel Quartus Prime License Agreement,
the Intel FPGA IP License Agreement, or other applicable license
agreement, including, without limitation, that your use is for
the sole purpose of programming logic devices manufactured by
Intel and sold by Intel or its authorized distributors.  Please
refer to the Intel FPGA Software License Subscription Agreements 
on the Quartus Prime software download page.



+-----------------------------------------------------------+
; Flow Summary                                              ;
+-------------+---------------------------------------------+
; Flow Status ; Synthesis Failed - Tue Feb 13 20:08:29 2024 ;
+-------------+---------------------------------------------+


+-----------------------------------------+
; Flow Settings                           ;
+-------------------+---------------------+
; Option            ; Setting             ;
+-------------------+---------------------+
; Start date & time ; 02/13/2024 20:08:27 ;
; Main task         ; Compilation         ;
; Revision Name     ; hospital            ;
+-------------------+---------------------+


+-------------------------------------------------------------------------------------------------------------------------+
; Flow Non-Default Global Settings                                                                                        ;
+--------------------------+---------------------------------+-----------------------------+-------------+----------------+
; Assignment Name          ; Value                           ; Default Value               ; Entity Name ; Section Id     ;
+--------------------------+---------------------------------+-----------------------------+-------------+----------------+
; COMPILER_SIGNATURE_ID    ; 101570512999720.170787650720296 ; --                          ; --          ; --             ;
; EDA_OUTPUT_DATA_FORMAT   ; Verilog Hdl                     ; --                          ; --          ; eda_simulation ;
; EDA_SIMULATION_TOOL      ; ModelSim-Altera (Verilog)       ; Questa Intel FPGA (Verilog) ; --          ; --             ;
; EDA_TIME_SCALE           ; 1 ps                            ; --                          ; --          ; eda_simulation ;
; PROJECT_OUTPUT_DIRECTORY ; output_files                    ; --                          ; --          ; --             ;
+--------------------------+---------------------------------+-----------------------------+-------------+----------------+


+-------------------------------------------------------------------------+
; Flow Elapsed Time                                                       ;
+------------------------------------+--------------+---------------------+
; Module Name                        ; Elapsed Time ; Peak Virtual Memory ;
+------------------------------------+--------------+---------------------+
; Synthesis (Analysis & Elaboration) ; 00:00:03     ; 450 MB              ;
; Total                              ; 00:00:03     ; --                  ;
+------------------------------------+--------------+---------------------+


+--------------------------------------------------------------------------------------------------+
; Flow OS Summary                                                                                  ;
+------------------------------------+------------------+------------+------------+----------------+
; Module Name                        ; Machine Hostname ; OS Name    ; OS Version ; Processor type ;
+------------------------------------+------------------+------------+------------+----------------+
; Synthesis (Analysis & Elaboration) ; michelle         ; Windows 11 ; 10.0.22631 ; x86_64         ;
+------------------------------------+------------------+------------+------------+----------------+


------------
; Flow Log ;
------------
quartus_syn --dni --read_settings_files=on --write_settings_files=off --analysis_and_elaboration hospital -c hospital



